python3 -m gr_receiver                  
Traceback (most recent call last):
  File "/usr/lib/python3.8/runpy.py", line 194, in _run_module_as_main
    return _run_code(code, main_globals, None,
  File "/usr/lib/python3.8/runpy.py", line 87, in _run_code
    exec(code, run_globals)
  File "/home//gnss-workspace/gnss-git/gnss-sdr-sync-out/gr_receiver.py", line 79, in <module>
    main()
  File "/home//gnss-workspace/gnss-git/gnss-sdr-sync-out/gr_receiver.py", line 57, in main
    tb = top_block_cls()
  File "/home//gnss-workspace/gnss-git/gnss-sdr-sync-out/gr_receiver.py", line 36, in __init__
    self.gnsssdr_mod_de_serializer_0 = gnsssdr_mod.de_serializer(1234)
AttributeError: module 'gnsssdr_mod' has no attribute 'de_serializer'


===============
sudo make install | grep "de_serializer"
-- Up-to-date: /usr/local/include/gnsssdr_mod/de_serializer.h
-- Up-to-date: /usr/local/share/gnuradio/grc/blocks/gnsssdr_mod_de_serializer.block.yml
===============
